
> r360-backend@1.0.0 dev
> ts-node-dev --respawn --transpile-only src/server.ts

[INFO] 06:36:59 ts-node-dev ver. 2.0.0 (using ts-node ver. 10.9.2, typescript ver. 5.9.3)
2026-02-07 06:37:00 [[32minfo[39m] : Connected to MongoDB
2026-02-07 06:37:00 [[32minfo[39m] : Server running on port 3000 in development mode
2026-02-07 06:38:08 [[32minfo[39m] : GET /api/employees{"requestId":"53d41b99-c301-4674-99d6-f2b0dfc4a090","statusCode":304,"duration":"116ms"}
2026-02-07 06:38:08 [[32minfo[39m] : GET /api/projects{"requestId":"f0051b9c-6ee1-431a-8c02-e6108cca6ee3","statusCode":304,"duration":"101ms"}
2026-02-07 06:38:08 [[32minfo[39m] : GET /api/projects{"requestId":"b47644d8-b90d-4f39-bd4a-4865a483f646","statusCode":304,"duration":"62ms"}
2026-02-07 06:38:08 [[32minfo[39m] : GET /api/employees{"requestId":"8d66c4bb-df31-4a19-9dec-99fbe984bef3","statusCode":304,"duration":"83ms"}
2026-02-07 06:38:19 [[32minfo[39m] : GET /api/projects{"requestId":"7d9a7a3b-7dbc-4b6a-b268-6d089f81aaea","statusCode":304,"duration":"63ms"}
2026-02-07 06:38:19 [[32minfo[39m] : GET /api/allocations/rank?skill=React{"requestId":"ad325564-582f-4019-95c9-4d1fe70635be","statusCode":200,"duration":"117ms"}
2026-02-07 06:38:19 [[32minfo[39m] : GET /api/projects{"requestId":"d6b7eff8-f54f-4575-89f0-3e2c709c5c5c","statusCode":304,"duration":"70ms"}
2026-02-07 06:38:19 [[32minfo[39m] : GET /api/allocations/rank?skill=React{"requestId":"daa6c8fb-35af-43ad-8ab6-3499333a8d51","statusCode":304,"duration":"96ms"}
2026-02-07 06:38:32 [[32minfo[39m] : GET /api/allocations/rank?projectId=69868ab41e2ead422e97258d&skill=React{"requestId":"46e74ccd-cd11-4d2f-822e-c1ef29eb27f7","statusCode":200,"duration":"95ms"}
2026-02-07 06:38:37 [[32minfo[39m] : GET /api/projects{"requestId":"b32944fd-8ca4-4d88-a8cd-119f45d04d69","statusCode":304,"duration":"93ms"}
2026-02-07 06:38:37 [[32minfo[39m] : GET /api/employees{"requestId":"373a92a3-0b2c-4dc8-b372-bfc713f52a3d","statusCode":304,"duration":"97ms"}
2026-02-07 06:38:37 [[32minfo[39m] : GET /api/projects{"requestId":"88726061-3b85-4dbe-918c-c68cf025ca29","statusCode":304,"duration":"63ms"}
2026-02-07 06:38:37 [[32minfo[39m] : GET /api/employees{"requestId":"f704cb55-df2d-4d3c-9151-25cdeb9f972d","statusCode":304,"duration":"65ms"}
2026-02-07 06:39:08 [[32minfo[39m] : GET /api/time-entries/codes{"requestId":"849ba95a-6eb7-46fa-91be-e195edf6ffa8","statusCode":200,"duration":"49ms"}
2026-02-07 06:39:08 [[32minfo[39m] : GET /api/employees{"requestId":"51ad9be8-b9fe-49ed-95d7-ddd9895ba23c","statusCode":304,"duration":"77ms"}
2026-02-07 06:39:08 [[32minfo[39m] : GET /api/projects{"requestId":"5182a88c-f3ef-45ec-9fb3-32262ac022d7","statusCode":304,"duration":"78ms"}
2026-02-07 06:39:08 [[32minfo[39m] : GET /api/time-entries/codes{"requestId":"4b4aabe2-4f81-4a08-8e7e-68f1a0e0485f","statusCode":304,"duration":"40ms"}
2026-02-07 06:39:08 [[32minfo[39m] : GET /api/employees{"requestId":"0ecdf1ec-9982-4463-b1a4-bb43c0d5eaf6","statusCode":304,"duration":"61ms"}
2026-02-07 06:39:08 [[32minfo[39m] : GET /api/projects{"requestId":"fc284caa-9d97-4c6a-bd96-fce2cbc7677a","statusCode":304,"duration":"61ms"}
2026-02-07 07:15:47 [[32minfo[39m] : GET /api/employees{"requestId":"ce5b8eac-77b0-4e3e-8b74-1a01b64dfa6d","statusCode":304,"duration":"98ms"}
2026-02-07 07:15:47 [[32minfo[39m] : GET /api/projects{"requestId":"7e25d136-7cb6-43eb-9992-3aee2aecabdb","statusCode":304,"duration":"78ms"}
2026-02-07 07:15:47 [[32minfo[39m] : GET /api/employees{"requestId":"4ca35679-ebfe-4544-9520-b8e8987ae632","statusCode":304,"duration":"65ms"}
2026-02-07 07:15:47 [[32minfo[39m] : GET /api/projects{"requestId":"45fbc977-ff84-41db-9875-20be081b091d","statusCode":304,"duration":"66ms"}
[INFO] 07:18:04 Restarting: C:\r360\backend\src\modules\employees\employee.service.ts has been modified
node.exe : 
Compilation error in 
C:\r360\backend\src\m
odules\employees\empl
oyee.service.ts
At line:1 char:1
+ & "C:\Program Files
\nodejs/node.exe" 
"C:\Program 
Files\nodejs/node_mo 
...
+ ~~~~~~~~~~~~~~~~~~~
~~~~~~~~~~~~~~~~~~~~~
~~~~~~~~~~~~~~~~~~~~~
~~~~~~~~
    + CategoryInfo   
           : 
NotSpecified: (C    
ompilation 
err...oyee    
.service.ts:String) 
[    ], 
RemoteException
    + 
FullyQualifiedError  
  Id : 
NativeCommandErr    
or
 
[ERROR] 07:18:05 Γ¿» Unable to compile TypeScript:
src/modules/employees/employee.service.ts(107,5): error TS1128: Declaration or statement expected.

[INFO] 07:18:06 Restarting: C:\r360\backend\src\modules\employees\employee.controller.ts has been modified
[ERROR] 07:18:06 Γ¿» Unable to compile TypeScript:
src/modules/employees/employee.service.ts(107,5): error TS1128: Declaration or statement expected.

[INFO] 07:18:26 Restarting: C:\r360\backend\src\modules\employees\employee.service.ts has been modified
2026-02-07 07:18:27 [[32minfo[39m] : Connected to MongoDB
2026-02-07 07:18:27 [[32minfo[39m] : Server running on port 3000 in development mode
[INFO] 07:18:27 Restarting: C:\r360\backend\src\modules\projects\project.service.ts has been modified
2026-02-07 07:18:29 [[32minfo[39m] : Connected to MongoDB
Error: listen 
EADDRINUSE: address 
already in use 
:::3000
    at Server.setupLi
stenHandle [as 
_listen2] 
(node:net:1940:16)
    at 
listenInCluster 
(node:net:1997:12)
    at Server.listen 
(node:net:2102:7)
    at app.listen (C:
\r360\backend\node_mo
dules\express\lib\app
lication.js:635:24)
    at startServer (C
:\r360\backend\src\se
rver.ts:13:28)
    at processTicksAn
dRejections (node:int
ernal/process/task_qu
eues:103:5)
[ERROR] 07:18:29 Error: listen EADDRINUSE: address already in use :::3000
[INFO] 07:18:29 Restarting: C:\r360\backend\src\modules\projects\project.controller.ts has been modified
2026-02-07 07:18:30 [[32minfo[39m] : Connected to MongoDB
Error: listen 
EADDRINUSE: address 
already in use 
:::3000
    at Server.setupLi
stenHandle [as 
_listen2] 
(node:net:1940:16)
    at 
listenInCluster 
(node:net:1997:12)
    at Server.listen 
(node:net:2102:7)
    at app.listen (C:
\r360\backend\node_mo
dules\express\lib\app
lication.js:635:24)
    at startServer (C
:\r360\backend\src\se
rver.ts:13:28)
    at processTicksAn
dRejections (node:int
ernal/process/task_qu
eues:103:5)
[ERROR] 07:18:30 Error: listen EADDRINUSE: address already in use :::3000
[INFO] 07:18:31 Restarting: C:\r360\backend\src\modules\employees\employee.routes.ts has been modified
2026-02-07 07:18:32 [[32minfo[39m] : Connected to MongoDB
2026-02-07 07:18:32 [[32minfo[39m] : Server running on port 3000 in development mode
[INFO] 07:18:33 Restarting: C:\r360\backend\src\modules\projects\project.routes.ts has been modified
2026-02-07 07:18:35 [[32minfo[39m] : Connected to MongoDB
Error: listen 
EADDRINUSE: address 
already in use 
:::3000
    at Server.setupLi
stenHandle [as 
_listen2] 
(node:net:1940:16)
    at 
listenInCluster 
(node:net:1997:12)
    at Server.listen 
(node:net:2102:7)
    at app.listen (C:
\r360\backend\node_mo
dules\express\lib\app
lication.js:635:24)
    at startServer (C
:\r360\backend\src\se
rver.ts:13:28)
    at processTicksAn
dRejections (node:int
ernal/process/task_qu
eues:103:5)
[ERROR] 07:18:35 Error: listen EADDRINUSE: address already in use :::3000
[INFO] 07:18:45 Restarting: C:\r360\backend\src\modules\employees\employee.service.ts has been modified
2026-02-07 07:18:46 [[32minfo[39m] : Connected to MongoDB
2026-02-07 07:18:46 [[32minfo[39m] : Server running on port 3000 in development mode
[INFO] 07:18:52 Restarting: C:\r360\backend\src\modules\projects\project.service.ts has been modified
2026-02-07 07:18:53 [[32minfo[39m] : Connected to MongoDB
2026-02-07 07:18:53 [[32minfo[39m] : Server running on port 3000 in development mode
2026-02-07 07:19:02 [[32minfo[39m] : GET /api/projects{"requestId":"56e2e15b-8323-4f70-b4b7-403bf6a85d3f","statusCode":304,"duration":"75ms"}
2026-02-07 07:19:02 [[32minfo[39m] : GET /api/employees{"requestId":"badf717a-bb8d-4030-9bb6-075103060a56","statusCode":304,"duration":"84ms"}
2026-02-07 07:19:12 [[32minfo[39m] : GET /api/employees{"requestId":"651e085a-c955-4567-8617-907fc88908fc","statusCode":304,"duration":"60ms"}
2026-02-07 07:19:12 [[32minfo[39m] : GET /api/projects{"requestId":"561d884f-4c7f-43ea-a939-9cde19bff162","statusCode":304,"duration":"60ms"}
2026-02-07 07:19:22 [[32minfo[39m] : GET /api/employees{"requestId":"f36891d5-ea28-4e2b-8b7e-4e032dc8e970","statusCode":304,"duration":"68ms"}
2026-02-07 07:19:22 [[32minfo[39m] : GET /api/projects{"requestId":"3f9fb6da-cfa8-453b-82bc-538bd56f3a85","statusCode":304,"duration":"68ms"}
2026-02-07 07:19:24 [[32minfo[39m] : GET /api/employees{"requestId":"6fd80d40-43fb-4dde-8d62-36cdde83b23b","statusCode":304,"duration":"68ms"}
2026-02-07 07:19:24 [[32minfo[39m] : GET /api/projects{"requestId":"ada14fa0-bc6c-4f3e-8c42-652d2a62b07e","statusCode":304,"duration":"68ms"}
2026-02-07 07:20:25 [[32minfo[39m] : GET /health{"requestId":"5f4a38da-43ae-4474-9e30-c492d13ce9f3","statusCode":200,"duration":"3ms"}
2026-02-07 07:25:17 [[32minfo[39m] : GET /api/employees{"requestId":"165b19e5-aa61-4b89-8d61-85a3bc2ba1df","statusCode":304,"duration":"150ms"}
2026-02-07 07:25:17 [[32minfo[39m] : GET /api/projects{"requestId":"2856aefe-2e1d-4d44-8638-3105fde4dc57","statusCode":304,"duration":"96ms"}
2026-02-07 07:25:17 [[32minfo[39m] : GET /api/employees{"requestId":"e2beed53-882d-475a-bbeb-b3c332d67a8d","statusCode":304,"duration":"69ms"}
2026-02-07 07:25:17 [[32minfo[39m] : GET /api/projects{"requestId":"b71b2cf3-423e-40b5-9c01-1d31a42e388d","statusCode":304,"duration":"71ms"}
2026-02-07 07:25:17 [[32minfo[39m] : GET /api/employees{"requestId":"4e894c18-213b-411e-b386-7e4099b60ed7","statusCode":304,"duration":"62ms"}
2026-02-07 07:25:17 [[32minfo[39m] : GET /api/employees{"requestId":"5bc50a83-0c01-44b7-9182-dcf6b59ebfe6","statusCode":304,"duration":"64ms"}
2026-02-07 07:25:18 [[32minfo[39m] : GET /api/employees{"requestId":"4341c150-0af3-480d-ab1e-03014d510214","statusCode":304,"duration":"120ms"}
2026-02-07 07:25:18 [[32minfo[39m] : GET /api/projects{"requestId":"d759f0b7-5ef3-4029-826d-9298d32c2668","statusCode":304,"duration":"98ms"}
2026-02-07 07:25:18 [[32minfo[39m] : GET /api/employees{"requestId":"27f8c73b-f1ea-4854-9768-0d3fa48cd889","statusCode":304,"duration":"70ms"}
2026-02-07 07:25:18 [[32minfo[39m] : GET /api/projects{"requestId":"f8797be9-2c0c-4fa6-aa68-f93629e2a1a0","statusCode":304,"duration":"67ms"}
2026-02-07 07:25:18 [[32minfo[39m] : GET /api/employees{"requestId":"2822c2fb-ce74-496a-812a-262a9a3344ec","statusCode":304,"duration":"68ms"}
2026-02-07 07:25:18 [[32minfo[39m] : GET /api/projects{"requestId":"3041be66-1dc7-4194-af26-079a79324d1e","statusCode":304,"duration":"80ms"}
2026-02-07 07:25:18 [[32minfo[39m] : GET /api/employees{"requestId":"dfa02044-ec5f-4939-bde9-a9545e13fbbc","statusCode":304,"duration":"93ms"}
2026-02-07 07:25:18 [[32minfo[39m] : GET /api/projects{"requestId":"dc31035d-1094-4939-a18e-d42c02c67984","statusCode":304,"duration":"75ms"}
2026-02-07 07:25:18 [[32minfo[39m] : GET /api/employees{"requestId":"1c22d606-44ec-42ff-abdc-b419aa2f840e","statusCode":304,"duration":"75ms"}
2026-02-07 07:25:18 [[32minfo[39m] : GET /api/projects{"requestId":"9a2e39b2-8ab9-40bd-aa93-3179a0bd3ee6","statusCode":304,"duration":"73ms"}
2026-02-07 07:25:18 [[32minfo[39m] : GET /api/employees{"requestId":"d94a0b75-7e01-48aa-9a75-b1e4b22d5a45","statusCode":304,"duration":"63ms"}
2026-02-07 07:25:18 [[32minfo[39m] : GET /api/projects{"requestId":"bcbd8ca8-1855-4910-89a1-84aa2d3c4265","statusCode":304,"duration":"62ms"}
2026-02-07 07:25:18 [[32minfo[39m] : GET /api/employees{"requestId":"603aaf13-1fbf-4b31-9ba8-744cbf4d3619","statusCode":304,"duration":"63ms"}
2026-02-07 07:25:18 [[32minfo[39m] : GET /api/projects{"requestId":"00f7e214-0cd7-4acb-aa45-1ce32ca03d38","statusCode":304,"duration":"62ms"}
2026-02-07 07:25:18 [[32minfo[39m] : GET /api/employees{"requestId":"df29d5d0-9fcd-4bc7-8bc9-43be7da54173","statusCode":304,"duration":"87ms"}
2026-02-07 07:25:18 [[32minfo[39m] : GET /api/projects{"requestId":"cecfeaee-cecf-4b2f-92da-6fe94498d8b9","statusCode":304,"duration":"85ms"}
2026-02-07 07:25:18 [[32minfo[39m] : GET /api/employees{"requestId":"9a0ef884-cf88-4142-b070-c618d49419fe","statusCode":304,"duration":"66ms"}
2026-02-07 07:25:18 [[32minfo[39m] : GET /api/employees{"requestId":"419fc230-b629-4905-9a7d-ea12f40510c8","statusCode":304,"duration":"65ms"}
2026-02-07 07:25:18 [[32minfo[39m] : GET /api/employees{"requestId":"d189ac0d-0489-4987-b9d1-0a91d39b7265","statusCode":304,"duration":"69ms"}
2026-02-07 07:25:18 [[32minfo[39m] : GET /api/employees{"requestId":"7103a275-3e3f-47fa-a733-3c09ab60850f","statusCode":304,"duration":"62ms"}
2026-02-07 07:25:19 [[32minfo[39m] : GET /api/employees{"requestId":"ad483db4-ad11-4b04-8c63-31ff328370ae","statusCode":304,"duration":"61ms"}
2026-02-07 07:25:19 [[32minfo[39m] : GET /api/employees{"requestId":"ab99f6ef-d076-4320-94a4-44dbc24303e0","statusCode":304,"duration":"83ms"}
2026-02-07 07:25:19 [[32minfo[39m] : GET /api/employees{"requestId":"dd4af63a-3a90-423a-b258-6c3471fa694f","statusCode":304,"duration":"91ms"}
2026-02-07 07:25:19 [[32minfo[39m] : GET /api/employees{"requestId":"11f8dfa9-dd06-4656-90b2-a9e0531346ab","statusCode":304,"duration":"103ms"}
2026-02-07 07:25:26 [[32minfo[39m] : GET /api/projects{"requestId":"bcdeb888-ee44-42ac-b877-7751bf1c8e1c","statusCode":304,"duration":"64ms"}
2026-02-07 07:25:26 [[32minfo[39m] : GET /api/projects{"requestId":"06d908aa-3bef-4a90-b6c7-2b26fd46e097","statusCode":304,"duration":"64ms"}
2026-02-07 07:25:28 [[32minfo[39m] : GET /api/employees{"requestId":"cca7d89a-3de1-407b-8965-e0171945a3eb","statusCode":304,"duration":"68ms"}
2026-02-07 07:25:28 [[32minfo[39m] : GET /api/employees{"requestId":"4c19178e-38a4-4186-a010-1593081cffc3","statusCode":304,"duration":"66ms"}
2026-02-07 07:25:31 [[32minfo[39m] : GET /api/projects{"requestId":"ebc5e2d5-0aee-401d-aa1b-6e7924d86d0c","statusCode":304,"duration":"62ms"}
2026-02-07 07:25:31 [[32minfo[39m] : GET /api/allocations/rank?skill=React{"requestId":"d1859482-5b84-479c-bcd2-0095c199adbc","statusCode":304,"duration":"106ms"}
2026-02-07 07:25:31 [[32minfo[39m] : GET /api/projects{"requestId":"f581eaee-f2a9-44b7-bc3a-540fcef9fb2d","statusCode":304,"duration":"61ms"}
2026-02-07 07:25:31 [[32minfo[39m] : GET /api/allocations/rank?skill=React{"requestId":"ba0dd6b2-0f79-4430-829e-2b1f103ce38f","statusCode":304,"duration":"92ms"}
2026-02-07 07:25:37 [[32minfo[39m] : GET /api/employees{"requestId":"bb710fad-0e80-4138-93ac-2e76f47d5616","statusCode":304,"duration":"61ms"}
2026-02-07 07:25:37 [[32minfo[39m] : GET /api/projects{"requestId":"17b34c06-1a34-4bb4-a66e-e2f1994eb456","statusCode":304,"duration":"64ms"}
2026-02-07 07:25:37 [[32minfo[39m] : GET /api/employees{"requestId":"f90b2dde-520d-4c0d-8d70-2ee6d4442c29","statusCode":304,"duration":"62ms"}
2026-02-07 07:25:37 [[32minfo[39m] : GET /api/projects{"requestId":"870c0f5b-fd7d-44d3-a5b5-9603241a03b2","statusCode":304,"duration":"64ms"}
2026-02-07 07:25:37 [[32minfo[39m] : GET /api/employees{"requestId":"284521d0-f2fa-4246-8c71-0eb22db02fab","statusCode":304,"duration":"61ms"}
2026-02-07 07:25:37 [[32minfo[39m] : GET /api/employees{"requestId":"3ce7fdc2-1cea-4d8f-84c4-272f6511ce41","statusCode":304,"duration":"101ms"}
2026-02-07 07:25:51 [[31merror[39m] : Unhandled Exception{"error":"ValidationError: Employee validation failed: skills: Employee must have at least one Primary skill.\n    at model.Document.invalidate (C:\\r360\\backend\\node_modules\\mongoose\\lib\\document.js:3381:32)\n    at C:\\r360\\backend\\node_modules\\mongoose\\lib\\document.js:3142:17\n    at cb (C:\\r360\\backend\\node_modules\\mongoose\\lib\\schema\\documentArray.js:258:14)\n    at C:\\r360\\backend\\node_modules\\mongoose\\lib\\schemaType.js:1446:9\n    at processTicksAndRejections (node:internal/process/task_queues:84:11)","url":"/api/employees","requestId":"068011b2-b086-46a5-a99a-fb7ded28ef6a"}
2026-02-07 07:25:51 [[32minfo[39m] : POST /api/employees{"requestId":"068011b2-b086-46a5-a99a-fb7ded28ef6a","statusCode":500,"duration":"19ms"}
2026-02-07 07:25:51 [[31merror[39m] : Unhandled Exception{"error":"ValidationError: Employee validation failed: skills: Employee must have at least one Primary skill.\n    at model.Document.invalidate (C:\\r360\\backend\\node_modules\\mongoose\\lib\\document.js:3381:32)\n    at C:\\r360\\backend\\node_modules\\mongoose\\lib\\document.js:3142:17\n    at cb (C:\\r360\\backend\\node_modules\\mongoose\\lib\\schema\\documentArray.js:258:14)\n    at C:\\r360\\backend\\node_modules\\mongoose\\lib\\schemaType.js:1446:9\n    at processTicksAndRejections (node:internal/process/task_queues:84:11)","url":"/api/employees","requestId":"650f21c6-5e7f-46ef-b011-37419af0ffe2"}
2026-02-07 07:25:51 [[32minfo[39m] : POST /api/employees{"requestId":"650f21c6-5e7f-46ef-b011-37419af0ffe2","statusCode":500,"duration":"2ms"}
2026-02-07 07:25:52 [[31merror[39m] : Unhandled Exception{"error":"ValidationError: Employee validation failed: skills: Employee must have at least one Primary skill.\n    at model.Document.invalidate (C:\\r360\\backend\\node_modules\\mongoose\\lib\\document.js:3381:32)\n    at C:\\r360\\backend\\node_modules\\mongoose\\lib\\document.js:3142:17\n    at cb (C:\\r360\\backend\\node_modules\\mongoose\\lib\\schema\\documentArray.js:258:14)\n    at C:\\r360\\backend\\node_modules\\mongoose\\lib\\schemaType.js:1446:9\n    at processTicksAndRejections (node:internal/process/task_queues:84:11)","url":"/api/employees","requestId":"e183b11f-b151-41c8-bfd8-c68c5d568e4e"}
2026-02-07 07:25:52 [[32minfo[39m] : POST /api/employees{"requestId":"e183b11f-b151-41c8-bfd8-c68c5d568e4e","statusCode":500,"duration":"2ms"}
2026-02-07 07:25:52 [[31merror[39m] : Unhandled Exception{"error":"ValidationError: Employee validation failed: skills: Employee must have at least one Primary skill.\n    at model.Document.invalidate (C:\\r360\\backend\\node_modules\\mongoose\\lib\\document.js:3381:32)\n    at C:\\r360\\backend\\node_modules\\mongoose\\lib\\document.js:3142:17\n    at cb (C:\\r360\\backend\\node_modules\\mongoose\\lib\\schema\\documentArray.js:258:14)\n    at C:\\r360\\backend\\node_modules\\mongoose\\lib\\schemaType.js:1446:9\n    at processTicksAndRejections (node:internal/process/task_queues:84:11)","url":"/api/employees","requestId":"e4be009d-903a-4146-99ba-c9bbb1bfeb32"}
2026-02-07 07:25:52 [[32minfo[39m] : POST /api/employees{"requestId":"e4be009d-903a-4146-99ba-c9bbb1bfeb32","statusCode":500,"duration":"2ms"}
2026-02-07 07:25:52 [[31merror[39m] : Unhandled Exception{"error":"ValidationError: Employee validation failed: skills: Employee must have at least one Primary skill.\n    at model.Document.invalidate (C:\\r360\\backend\\node_modules\\mongoose\\lib\\document.js:3381:32)\n    at C:\\r360\\backend\\node_modules\\mongoose\\lib\\document.js:3142:17\n    at cb (C:\\r360\\backend\\node_modules\\mongoose\\lib\\schema\\documentArray.js:258:14)\n    at C:\\r360\\backend\\node_modules\\mongoose\\lib\\schemaType.js:1446:9\n    at processTicksAndRejections (node:internal/process/task_queues:84:11)","url":"/api/employees","requestId":"509bfee8-616a-4a14-ba37-18ce0b3b472a"}
2026-02-07 07:25:52 [[32minfo[39m] : POST /api/employees{"requestId":"509bfee8-616a-4a14-ba37-18ce0b3b472a","statusCode":500,"duration":"1ms"}
2026-02-07 07:25:52 [[31merror[39m] : Unhandled Exception{"error":"ValidationError: Employee validation failed: skills: Employee must have at least one Primary skill.\n    at model.Document.invalidate (C:\\r360\\backend\\node_modules\\mongoose\\lib\\document.js:3381:32)\n    at C:\\r360\\backend\\node_modules\\mongoose\\lib\\document.js:3142:17\n    at cb (C:\\r360\\backend\\node_modules\\mongoose\\lib\\schema\\documentArray.js:258:14)\n    at C:\\r360\\backend\\node_modules\\mongoose\\lib\\schemaType.js:1446:9\n    at processTicksAndRejections (node:internal/process/task_queues:84:11)","url":"/api/employees","requestId":"62c10ff7-edfd-43ad-9911-92458e6c51c9"}
2026-02-07 07:25:52 [[32minfo[39m] : POST /api/employees{"requestId":"62c10ff7-edfd-43ad-9911-92458e6c51c9","statusCode":500,"duration":"2ms"}
2026-02-07 07:25:54 [[31merror[39m] : Unhandled Exception{"error":"ValidationError: Employee validation failed: skills: Employee must have at least one Primary skill.\n    at model.Document.invalidate (C:\\r360\\backend\\node_modules\\mongoose\\lib\\document.js:3381:32)\n    at C:\\r360\\backend\\node_modules\\mongoose\\lib\\document.js:3142:17\n    at cb (C:\\r360\\backend\\node_modules\\mongoose\\lib\\schema\\documentArray.js:258:14)\n    at C:\\r360\\backend\\node_modules\\mongoose\\lib\\schemaType.js:1446:9\n    at processTicksAndRejections (node:internal/process/task_queues:84:11)","url":"/api/employees","requestId":"e4f36c23-0b95-4f0e-80d6-40ae7f9c4ddf"}
2026-02-07 07:25:54 [[32minfo[39m] : POST /api/employees{"requestId":"e4f36c23-0b95-4f0e-80d6-40ae7f9c4ddf","statusCode":500,"duration":"1ms"}
2026-02-07 07:25:55 [[31merror[39m] : Unhandled Exception{"error":"ValidationError: Employee validation failed: skills: Employee must have at least one Primary skill.\n    at model.Document.invalidate (C:\\r360\\backend\\node_modules\\mongoose\\lib\\document.js:3381:32)\n    at C:\\r360\\backend\\node_modules\\mongoose\\lib\\document.js:3142:17\n    at cb (C:\\r360\\backend\\node_modules\\mongoose\\lib\\schema\\documentArray.js:258:14)\n    at C:\\r360\\backend\\node_modules\\mongoose\\lib\\schemaType.js:1446:9\n    at processTicksAndRejections (node:internal/process/task_queues:84:11)","url":"/api/employees","requestId":"08016399-e92f-42db-b2ac-d75b2e5d4258"}
2026-02-07 07:25:55 [[32minfo[39m] : POST /api/employees{"requestId":"08016399-e92f-42db-b2ac-d75b2e5d4258","statusCode":500,"duration":"1ms"}
2026-02-07 07:25:59 [[32minfo[39m] : GET /api/projects{"requestId":"3eb8f1d5-d92b-4ae1-a20c-fb8dc2b48e49","statusCode":304,"duration":"62ms"}
2026-02-07 07:25:59 [[32minfo[39m] : GET /api/allocations/rank?skill=React{"requestId":"c9d9aeb7-66ba-4a84-b51c-df6ab402f005","statusCode":304,"duration":"93ms"}
2026-02-07 07:25:59 [[32minfo[39m] : GET /api/projects{"requestId":"72174112-1a87-4746-9e5e-7f320d57d5d0","statusCode":304,"duration":"67ms"}
2026-02-07 07:25:59 [[32minfo[39m] : GET /api/allocations/rank?skill=React{"requestId":"5883066b-34b3-4477-9037-51480f702f7c","statusCode":304,"duration":"98ms"}
2026-02-07 07:26:02 [[32minfo[39m] : GET /api/projects{"requestId":"a26c69e8-a2df-43f7-952b-3effd71596e6","statusCode":304,"duration":"61ms"}
2026-02-07 07:26:02 [[32minfo[39m] : GET /api/employees{"requestId":"31d8918b-2f9b-4b6e-92aa-a11611ad0ae6","statusCode":304,"duration":"66ms"}
2026-02-07 07:26:02 [[32minfo[39m] : GET /api/projects{"requestId":"7f440300-ad99-40c4-a5dd-53fbea306883","statusCode":304,"duration":"59ms"}
2026-02-07 07:26:02 [[32minfo[39m] : GET /api/employees{"requestId":"b900c1c8-ba87-4105-8bbc-aecad5daf8a2","statusCode":304,"duration":"68ms"}
2026-02-07 07:26:02 [[32minfo[39m] : GET /api/employees{"requestId":"a7dbd8f7-4c9c-4f7f-9427-f21efc4b8ec0","statusCode":304,"duration":"67ms"}
2026-02-07 07:26:02 [[32minfo[39m] : GET /api/employees{"requestId":"adaf45df-b6f0-4465-a8a9-2d74d7138dea","statusCode":304,"duration":"69ms"}
2026-02-07 07:26:05 [[32minfo[39m] : GET /api/projects{"requestId":"2cd33c29-b5c7-4932-835f-b235c5b70bbd","statusCode":304,"duration":"90ms"}
2026-02-07 07:26:05 [[32minfo[39m] : GET /api/employees{"requestId":"dd818708-0a88-40d5-a069-517f61c1b5fc","statusCode":304,"duration":"101ms"}
2026-02-07 07:26:05 [[32minfo[39m] : GET /api/projects{"requestId":"9fae07e6-ccc8-4c87-9615-5b7a0c447eb5","statusCode":304,"duration":"76ms"}
2026-02-07 07:26:05 [[32minfo[39m] : GET /api/employees{"requestId":"29d0486a-8620-4021-bbf4-c8476395bb2f","statusCode":304,"duration":"79ms"}
2026-02-07 07:26:05 [[32minfo[39m] : GET /api/employees{"requestId":"59cea835-44f2-4d7f-b769-3d82e7e237d5","statusCode":304,"duration":"107ms"}
2026-02-07 07:26:05 [[32minfo[39m] : GET /api/employees{"requestId":"c2aa4174-6e40-44c0-af5b-f1305fdfb80a","statusCode":304,"duration":"81ms"}
2026-02-07 07:26:31 [[32minfo[39m] : GET /api/projects{"requestId":"159edb22-ba03-4ba5-b3db-3c6945eb8a70","statusCode":304,"duration":"58ms"}
2026-02-07 07:26:32 [[32minfo[39m] : GET /api/projects{"requestId":"42abea6d-a96f-4bd4-88fd-63af70715a79","statusCode":304,"duration":"58ms"}
[INFO] 07:32:04 Restarting: C:\r360\backend\src\common\types\enums.ts has been modified
2026-02-07 07:32:06 [[32minfo[39m] : Connected to MongoDB
2026-02-07 07:32:06 [[32minfo[39m] : Server running on port 3000 in development mode
[INFO] 07:32:06 Restarting: C:\r360\backend\src\modules\employees\employee.model.ts has been modified
2026-02-07 07:32:07 [[32minfo[39m] : Connected to MongoDB
[ERROR] 07:32:07 Error: listen EADDRINUSE: address already in use :::3000
Error: listen 
EADDRINUSE: address 
already in use 
:::3000
    at Server.setupLi
stenHandle [as 
_listen2] 
(node:net:1940:16)
    at 
listenInCluster 
(node:net:1997:12)
    at Server.listen 
(node:net:2102:7)
    at app.listen (C:
\r360\backend\node_mo
dules\express\lib\app
lication.js:635:24)
    at startServer (C
:\r360\backend\src\se
rver.ts:13:28)
    at processTicksAn
dRejections (node:int
ernal/process/task_qu
eues:103:5)
[INFO] 07:32:46 Restarting: C:\r360\backend\src\modules\employees\employee.service.ts has been modified
2026-02-07 07:32:48 [[32minfo[39m] : Connected to MongoDB
2026-02-07 07:32:48 [[32minfo[39m] : Server running on port 3000 in development mode
[INFO] 07:33:22 Restarting: C:\r360\backend\src\modules\employees\employee.service.ts has been modified
2026-02-07 07:33:23 [[32minfo[39m] : Connected to MongoDB
2026-02-07 07:33:23 [[32minfo[39m] : Server running on port 3000 in development mode
[INFO] 07:33:26 Restarting: C:\r360\backend\src\modules\employees\employee.service.ts has been modified
2026-02-07 07:33:27 [[32minfo[39m] : Connected to MongoDB
2026-02-07 07:33:27 [[32minfo[39m] : Server running on port 3000 in development mode
[INFO] 07:33:28 Restarting: C:\r360\backend\src\modules\employees\employee.controller.ts has been modified
2026-02-07 07:33:29 [[32minfo[39m] : Connected to MongoDB
Error: listen 
EADDRINUSE: address 
already in use 
:::3000
[ERROR] 07:33:29 Error: listen EADDRINUSE: address already in use :::3000
    at Server.setupLi
stenHandle [as 
_listen2] 
(node:net:1940:16)
    at 
listenInCluster 
(node:net:1997:12)
    at Server.listen 
(node:net:2102:7)
    at app.listen (C:
\r360\backend\node_mo
dules\express\lib\app
lication.js:635:24)
    at startServer (C
:\r360\backend\src\se
rver.ts:13:28)
    at processTicksAn
dRejections (node:int
ernal/process/task_qu
eues:103:5)
[INFO] 07:34:27 Restarting: C:\r360\backend\src\app.ts has been modified
2026-02-07 07:34:29 [[32minfo[39m] : Connected to MongoDB
2026-02-07 07:34:29 [[32minfo[39m] : Server running on port 3000 in development mode
[INFO] 07:34:29 Restarting: C:\r360\backend\src\app.ts has been modified
2026-02-07 07:34:30 [[32minfo[39m] : Connected to MongoDB
2026-02-07 07:34:30 [[32minfo[39m] : Server running on port 3000 in development mode
2026-02-07 07:35:00 [[32minfo[39m] : GET /api/roles{"requestId":"f1b07f33-b266-46d9-a27a-7c218d7fd37e","statusCode":200,"duration":"39ms"}
2026-02-07 07:35:00 [[32minfo[39m] : GET /api/skills{"requestId":"4271ef57-6e10-4d48-9a31-c54a7f711488","statusCode":200,"duration":"35ms"}
2026-02-07 07:35:00 [[32minfo[39m] : GET /api/employees{"requestId":"bc74eb92-c61b-4660-9568-1ebdd54cb418","statusCode":200,"duration":"77ms"}
2026-02-07 07:35:01 [[32minfo[39m] : GET /api/roles{"requestId":"ff50493c-9113-4bc7-b8aa-e85ecf121fa8","statusCode":304,"duration":"44ms"}
2026-02-07 07:35:01 [[32minfo[39m] : GET /api/skills{"requestId":"4ef37794-e029-48d6-92e0-584a337b4fb9","statusCode":304,"duration":"46ms"}
2026-02-07 07:35:01 [[32minfo[39m] : GET /api/employees{"requestId":"a0efa692-0ea2-4af9-be78-4389556ae1d4","statusCode":304,"duration":"82ms"}
2026-02-07 07:35:01 [[32minfo[39m] : GET /api/roles{"requestId":"7ee97406-e4c2-4132-a4c7-61454f069023","statusCode":304,"duration":"34ms"}
2026-02-07 07:35:01 [[32minfo[39m] : GET /api/skills{"requestId":"4db33f37-db37-4162-aaf2-3332569e583d","statusCode":304,"duration":"33ms"}
2026-02-07 07:35:01 [[32minfo[39m] : GET /api/employees{"requestId":"b4368354-ac7b-40f5-8680-d960c56b32aa","statusCode":304,"duration":"57ms"}
2026-02-07 07:35:02 [[32minfo[39m] : GET /api/roles{"requestId":"ce654dc9-666d-4446-9616-64330cba9e35","statusCode":304,"duration":"31ms"}
2026-02-07 07:35:02 [[32minfo[39m] : GET /api/skills{"requestId":"9114389b-c25d-4efb-bdcb-641640d191fc","statusCode":304,"duration":"29ms"}
2026-02-07 07:35:02 [[32minfo[39m] : GET /api/employees{"requestId":"66048d7d-ff4b-45c0-b9c2-588e29adfcc3","statusCode":304,"duration":"59ms"}
2026-02-07 07:35:02 [[32minfo[39m] : GET /api/roles{"requestId":"8f0ec601-b153-4492-be02-ea2aba2ed706","statusCode":304,"duration":"29ms"}
2026-02-07 07:35:02 [[32minfo[39m] : GET /api/skills{"requestId":"4e19f0a3-0115-4a99-839b-0327c52526d6","statusCode":304,"duration":"29ms"}
2026-02-07 07:35:02 [[32minfo[39m] : GET /api/projects{"requestId":"fff8e0e9-4e5e-4569-a11f-fa74eee54f32","statusCode":304,"duration":"63ms"}
2026-02-07 07:35:02 [[32minfo[39m] : GET /api/employees{"requestId":"f3635841-90b0-49a6-8958-c67d8497ae81","statusCode":304,"duration":"56ms"}
2026-02-07 07:35:02 [[32minfo[39m] : GET /api/projects{"requestId":"07641412-f0cd-4b52-9c19-974be762e6ec","statusCode":304,"duration":"61ms"}
2026-02-07 07:35:02 [[32minfo[39m] : GET /api/employees{"requestId":"b234b282-ebc5-4245-b652-a75670881474","statusCode":304,"duration":"59ms"}
2026-02-07 07:35:02 [[32minfo[39m] : GET /api/employees{"requestId":"49f922af-458a-4515-8d91-b1ef7133128e","statusCode":304,"duration":"65ms"}
2026-02-07 07:35:02 [[32minfo[39m] : GET /api/roles{"requestId":"6ae2afa4-f41c-4cd4-a48f-4d1d91e07fa2","statusCode":304,"duration":"41ms"}
2026-02-07 07:35:02 [[32minfo[39m] : GET /api/skills{"requestId":"4f67a49f-6d92-4250-9f97-71c6250d1c21","statusCode":304,"duration":"42ms"}
2026-02-07 07:35:02 [[32minfo[39m] : GET /api/roles{"requestId":"fa699bb1-9e81-4deb-9b3f-c492db148333","statusCode":304,"duration":"31ms"}
2026-02-07 07:35:02 [[32minfo[39m] : GET /api/employees{"requestId":"f2dc8187-4872-438f-b336-5b040c3ddb2d","statusCode":304,"duration":"76ms"}
2026-02-07 07:35:02 [[32minfo[39m] : GET /api/skills{"requestId":"4b651fb5-9e5a-4bb3-9687-6c02f5906225","statusCode":304,"duration":"34ms"}
2026-02-07 07:35:02 [[32minfo[39m] : GET /api/projects{"requestId":"b7bb5746-b73d-4d56-b09f-cdc9117b466b","statusCode":304,"duration":"77ms"}
2026-02-07 07:35:02 [[32minfo[39m] : GET /api/roles{"requestId":"187dfbe8-86f8-4e25-b961-0c660a33f570","statusCode":304,"duration":"34ms"}
2026-02-07 07:35:02 [[32minfo[39m] : GET /api/skills{"requestId":"fc702940-2688-4e49-bf66-874625952e98","statusCode":304,"duration":"30ms"}
2026-02-07 07:35:02 [[32minfo[39m] : GET /api/employees{"requestId":"0e76b8ce-c3bc-4a44-ac43-0e07615903e3","statusCode":304,"duration":"63ms"}
2026-02-07 07:35:02 [[32minfo[39m] : GET /api/roles{"requestId":"5d42e0ba-1464-4301-94a2-310671daa373","statusCode":304,"duration":"29ms"}
2026-02-07 07:35:02 [[32minfo[39m] : GET /api/skills{"requestId":"bff7cecb-2e34-4bd8-88a5-dfd5f64ed07b","statusCode":304,"duration":"29ms"}
2026-02-07 07:35:02 [[32minfo[39m] : GET /api/projects{"requestId":"1d016a7c-3bb9-4661-b0ad-11b1cd51a040","statusCode":304,"duration":"63ms"}
2026-02-07 07:35:02 [[32minfo[39m] : GET /api/employees{"requestId":"9782eb23-b67c-4e14-8c35-84ab69fdf495","statusCode":304,"duration":"70ms"}
2026-02-07 07:35:02 [[32minfo[39m] : GET /api/projects{"requestId":"65481655-b961-4e53-8557-b267ae1e2afc","statusCode":304,"duration":"59ms"}
2026-02-07 07:35:02 [[32minfo[39m] : GET /api/employees{"requestId":"03f316c9-def4-4cf2-9fdf-be3b6b7c4a83","statusCode":304,"duration":"57ms"}
2026-02-07 07:35:02 [[32minfo[39m] : GET /api/projects{"requestId":"786f2581-cf96-450e-af97-8d109a33f4bf","statusCode":304,"duration":"57ms"}
2026-02-07 07:35:02 [[32minfo[39m] : GET /api/employees{"requestId":"bf8f9bc8-28b8-4914-b419-6862d3b5a27c","statusCode":304,"duration":"61ms"}
2026-02-07 07:35:02 [[32minfo[39m] : GET /api/employees{"requestId":"724f15bd-4014-4ac6-9ef6-76bc6b75e940","statusCode":304,"duration":"57ms"}
2026-02-07 07:35:02 [[32minfo[39m] : GET /api/employees{"requestId":"21bb86fb-05d7-4fca-9c54-3d858a524245","statusCode":304,"duration":"57ms"}
2026-02-07 07:35:02 [[32minfo[39m] : GET /api/employees{"requestId":"c0dbde7d-962c-4930-be35-03a9b592a0b8","statusCode":304,"duration":"58ms"}
2026-02-07 07:35:37 [[32minfo[39m] : GET /api/roles{"requestId":"a874a2cb-3638-43ca-a0f6-cb09c3ac8b3e","statusCode":200,"duration":"30ms"}
2026-02-07 07:35:40 [[32minfo[39m] : GET /api/skills{"requestId":"602e05a1-4d98-4f7b-852d-1863a7f973bd","statusCode":200,"duration":"31ms"}
2026-02-07 07:35:50 [[32minfo[39m] : GET /api/roles{"requestId":"f1fff7d5-da89-4ca2-af63-696244c69113","statusCode":200,"duration":"30ms"}
2026-02-07 07:35:54 [[32minfo[39m] : GET /api/skills{"requestId":"0072382e-5271-43cf-a760-fb4f68d7fdb8","statusCode":200,"duration":"32ms"}
2026-02-07 07:36:04 [[32minfo[39m] : GET /api/roles{"requestId":"2c0530f7-3f32-487f-8b22-563c9ed5e797","statusCode":200,"duration":"31ms"}
2026-02-07 07:36:07 [[32minfo[39m] : GET /api/skills{"requestId":"4d2b4c30-d22b-4ff5-b7c1-8735a43fa75b","statusCode":200,"duration":"34ms"}
2026-02-07 07:36:15 [[31merror[39m] : Unhandled Exception{"error":"SyntaxError: Expected property name or '}' in JSON at position 6 (line 2 column 5)\n    at JSON.parse (<anonymous>)\n    at parse (C:\\r360\\backend\\node_modules\\body-parser\\lib\\types\\json.js:92:19)\n    at C:\\r360\\backend\\node_modules\\body-parser\\lib\\read.js:128:18\n    at AsyncResource.runInAsyncScope (node:async_hooks:214:14)\n    at invokeCallback (C:\\r360\\backend\\node_modules\\raw-body\\index.js:238:16)\n    at done (C:\\r360\\backend\\node_modules\\raw-body\\index.js:227:7)\n    at IncomingMessage.onEnd (C:\\r360\\backend\\node_modules\\raw-body\\index.js:287:7)\n    at IncomingMessage.emit (node:events:508:28)\n    at endReadableNT (node:internal/streams/readable:1701:12)\n    at processTicksAndRejections (node:internal/process/task_queues:89:21)","url":"/api/employees"}
2026-02-07 07:36:18 [[31merror[39m] : Unhandled Exception{"error":"SyntaxError: Expected property name or '}' in JSON at position 6 (line 2 column 5)\n    at JSON.parse (<anonymous>)\n    at parse (C:\\r360\\backend\\node_modules\\body-parser\\lib\\types\\json.js:92:19)\n    at C:\\r360\\backend\\node_modules\\body-parser\\lib\\read.js:128:18\n    at AsyncResource.runInAsyncScope (node:async_hooks:214:14)\n    at invokeCallback (C:\\r360\\backend\\node_modules\\raw-body\\index.js:238:16)\n    at done (C:\\r360\\backend\\node_modules\\raw-body\\index.js:227:7)\n    at IncomingMessage.onEnd (C:\\r360\\backend\\node_modules\\raw-body\\index.js:287:7)\n    at IncomingMessage.emit (node:events:508:28)\n    at endReadableNT (node:internal/streams/readable:1701:12)\n    at processTicksAndRejections (node:internal/process/task_queues:89:21)","url":"/api/employees"}
[INFO] 07:38:21 Restarting: C:\r360\backend\src\modules\employees\employee.controller.ts has been modified
2026-02-07 07:38:23 [[32minfo[39m] : Connected to MongoDB
2026-02-07 07:38:23 [[32minfo[39m] : Server running on port 3000 in development mode
2026-02-07 07:39:24 [[31merror[39m] : Unhandled Exception{"error":"SyntaxError: Expected property name or '}' in JSON at position 6 (line 2 column 5)\n    at JSON.parse (<anonymous>)\n    at parse (C:\\r360\\backend\\node_modules\\body-parser\\lib\\types\\json.js:92:19)\n    at C:\\r360\\backend\\node_modules\\body-parser\\lib\\read.js:128:18\n    at AsyncResource.runInAsyncScope (node:async_hooks:214:14)\n    at invokeCallback (C:\\r360\\backend\\node_modules\\raw-body\\index.js:238:16)\n    at done (C:\\r360\\backend\\node_modules\\raw-body\\index.js:227:7)\n    at IncomingMessage.onEnd (C:\\r360\\backend\\node_modules\\raw-body\\index.js:287:7)\n    at IncomingMessage.emit (node:events:508:28)\n    at endReadableNT (node:internal/streams/readable:1701:12)\n    at processTicksAndRejections (node:internal/process/task_queues:89:21)","url":"/api/employees"}
